// Jest Snapshot v1, https://goo.gl/fbAQLP

exports[`<HomeLatestNews /> renders the expected tree 1`] = `ReactWrapper {}`;
